==============================================
  Entrenamiento ViT — Job SLURM
  Fecha: Tue Aug 11 05:44:51 PM CST 2026
  Nodo:  nukwa-06.cnca
  JobID: 599696
==============================================
[OK] Entorno activado: /data/ulead-04/envs/vit_faces/bin/python
name, memory.total [MiB], memory.free [MiB]
NVIDIA L40S, 46068 MiB, 45469 MiB

======================================================================
ENTRENAMIENTO ViT-B/16 — Real vs Fake Faces (StyleGAN3)
======================================================================
  Device: cuda
  GPU: NVIDIA L40S

📦 Cargando datasets...
  Train: 16,000 | Val: 2,000

🧠 Construyendo modelo...
  Modelo: ViT-B/16 | Parámetros entrenables: 85,800,194

======================================================================
ÉPOCA 1/15
======================================================================
  [TRAIN] loss=0.6600  acc=0.6293  auc=0.6957  420.4 img/s
  [VAL]   loss=0.4283  acc=0.8145  auc=0.9004  f1=0.8229
  ⭐ Nuevo mejor modelo (AUC=0.9004) guardado en vit_best.pt

======================================================================
ÉPOCA 2/15
======================================================================
  [TRAIN] loss=0.3850  acc=0.8244  auc=0.9068  576.6 img/s
  [VAL]   loss=0.3651  acc=0.8310  auc=0.9276  f1=0.8200
  ⭐ Nuevo mejor modelo (AUC=0.9276) guardado en vit_best.pt

======================================================================
ÉPOCA 3/15
======================================================================
  [TRAIN] loss=0.2031  acc=0.9207  auc=0.9745  577.3 img/s
  [VAL]   loss=0.3416  acc=0.8610  auc=0.9348  f1=0.8677
  ⭐ Nuevo mejor modelo (AUC=0.9348) guardado en vit_best.pt

======================================================================
ÉPOCA 4/15
======================================================================
  [TRAIN] loss=0.1506  acc=0.9417  auc=0.9858  572.1 img/s
  [VAL]   loss=0.4758  acc=0.8160  auc=0.9456  f1=0.7850
  ⭐ Nuevo mejor modelo (AUC=0.9456) guardado en vit_best.pt

======================================================================
ÉPOCA 5/15
======================================================================
  [TRAIN] loss=0.1185  acc=0.9542  auc=0.9912  576.8 img/s
  [VAL]   loss=0.4685  acc=0.8450  auc=0.9426  f1=0.8313

======================================================================
ÉPOCA 6/15
======================================================================
  [TRAIN] loss=0.0847  acc=0.9669  auc=0.9954  575.1 img/s
  [VAL]   loss=0.6412  acc=0.8230  auc=0.9417  f1=0.7975

======================================================================
ÉPOCA 7/15
======================================================================
  [TRAIN] loss=0.0812  acc=0.9692  auc=0.9957  573.2 img/s
  [VAL]   loss=0.5038  acc=0.8595  auc=0.9472  f1=0.8710
  ⭐ Nuevo mejor modelo (AUC=0.9472) guardado en vit_best.pt

======================================================================
ÉPOCA 8/15
======================================================================
  [TRAIN] loss=0.0675  acc=0.9758  auc=0.9971  573.8 img/s
  [VAL]   loss=0.4829  acc=0.8555  auc=0.9486  f1=0.8691
  ⭐ Nuevo mejor modelo (AUC=0.9486) guardado en vit_best.pt

======================================================================
ÉPOCA 9/15
======================================================================
  [TRAIN] loss=0.0678  acc=0.9755  auc=0.9968  574.3 img/s
  [VAL]   loss=0.4915  acc=0.8545  auc=0.9507  f1=0.8412
  ⭐ Nuevo mejor modelo (AUC=0.9507) guardado en vit_best.pt

======================================================================
ÉPOCA 10/15
======================================================================
  [TRAIN] loss=0.0520  acc=0.9800  auc=0.9983  575.3 img/s
  [VAL]   loss=0.5047  acc=0.8745  auc=0.9435  f1=0.8795

======================================================================
ÉPOCA 11/15
======================================================================
  [TRAIN] loss=0.0662  acc=0.9757  auc=0.9970  576.0 img/s
  [VAL]   loss=0.4341  acc=0.8710  auc=0.9520  f1=0.8771
  ⭐ Nuevo mejor modelo (AUC=0.9520) guardado en vit_best.pt

======================================================================
ÉPOCA 12/15
======================================================================
  [TRAIN] loss=0.0502  acc=0.9803  auc=0.9984  578.8 img/s
  [VAL]   loss=0.4594  acc=0.8725  auc=0.9474  f1=0.8697

======================================================================
ÉPOCA 13/15
======================================================================
  [TRAIN] loss=0.0507  acc=0.9819  auc=0.9982  576.6 img/s
  [VAL]   loss=0.4749  acc=0.8485  auc=0.9428  f1=0.8368

======================================================================
ÉPOCA 14/15
======================================================================
  [TRAIN] loss=0.0487  acc=0.9819  auc=0.9984  575.9 img/s
  [VAL]   loss=0.6471  acc=0.7985  auc=0.9396  f1=0.7571

======================================================================
ÉPOCA 15/15
======================================================================
  [TRAIN] loss=0.0492  acc=0.9819  auc=0.9984  574.1 img/s
  [VAL]   loss=0.7949  acc=0.8095  auc=0.9468  f1=0.7728

======================================================================
ENTRENAMIENTO FINALIZADO — 10.7 min totales
Mejor AUC-ROC en validación: 0.9520
======================================================================

==============================================
  Job finalizado — Tue Aug 11 05:56:32 PM CST 2026
==============================================
